0 verbose cli /usr/bin/node /usr/lib/node_modules/npm/bin/npm-cli.js
1 info using npm@10.8.2
2 info using node@v20.20.2
3 silly config load:file:/usr/lib/node_modules/npm/npmrc
4 silly config load:file:/app/frontend/.npmrc
5 silly config load:file:/app/.npmrc
6 silly config load:file:/usr/etc/npmrc
7 verbose title npm exec lint-staged --concurrent false
8 verbose argv "exec" "--" "lint-staged" "--concurrent" "false"
9 verbose logfile logs-max:10 dir:/app/.npm/_logs/2026-05-31T18_56_37_279Z-
10 verbose logfile /app/.npm/_logs/2026-05-31T18_56_37_279Z-debug-0.log
11 silly logfile start cleaning logs, removing 1 files
12 silly logfile done cleaning log files
13 http fetch GET 200 https://registry.npmjs.org/npm 219ms
14 verbose cwd /app/frontend
15 verbose os Linux 6.12.68+
16 verbose node v20.20.2
17 verbose npm  v10.8.2
18 notice
18 notice New major version of npm available! 10.8.2 -> 11.16.0
18 notice Changelog: https://github.com/npm/cli/releases/tag/v11.16.0
18 notice To update run: npm install -g npm@11.16.0
18 notice  { force: true, [Symbol(proc-log.meta)]: true }
19 verbose exit 1
20 verbose code 1
